Archive member included because of file (symbol)

.\CortexM0p\ARM_GCC_493\Debug\CE211252_Ambient_Light_Sensing.a(cyfitter_cfg.o)
                              .\CortexM0p\ARM_GCC_493\Debug\Cm0plusStart.o (cyfitter_cfg)
.\CortexM0p\ARM_GCC_493\Debug\CE211252_Ambient_Light_Sensing.a(EZI2C.o)
                              .\CortexM0p\ARM_GCC_493\Debug\main.o (EZI2C_Start)
.\CortexM0p\ARM_GCC_493\Debug\CE211252_Ambient_Light_Sensing.a(EZI2C_EZI2C.o)
                              .\CortexM0p\ARM_GCC_493\Debug\CE211252_Ambient_Light_Sensing.a(EZI2C.o) (EZI2C_EzI2CInit)
.\CortexM0p\ARM_GCC_493\Debug\CE211252_Ambient_Light_Sensing.a(EZI2C_EZI2C_INT.o)
                              .\CortexM0p\ARM_GCC_493\Debug\CE211252_Ambient_Light_Sensing.a(EZI2C_EZI2C.o) (EZI2C_EZI2C_STRETCH_ISR)
.\CortexM0p\ARM_GCC_493\Debug\CE211252_Ambient_Light_Sensing.a(ADC.o)
                              .\CortexM0p\ARM_GCC_493\Debug\main.o (ADC_StartConvert)
.\CortexM0p\ARM_GCC_493\Debug\CE211252_Ambient_Light_Sensing.a(ADC_INIT.o)
                              .\CortexM0p\ARM_GCC_493\Debug\CE211252_Ambient_Light_Sensing.a(ADC.o) (ADC_allConfigs)
.\CortexM0p\ARM_GCC_493\Debug\CE211252_Ambient_Light_Sensing.a(ADC_INT.o)
                              .\CortexM0p\ARM_GCC_493\Debug\CE211252_Ambient_Light_Sensing.a(ADC.o) (ADC_ISR)
.\CortexM0p\ARM_GCC_493\Debug\CE211252_Ambient_Light_Sensing.a(PVref.o)
                              .\CortexM0p\ARM_GCC_493\Debug\main.o (PVref_Enable)
.\CortexM0p\ARM_GCC_493\Debug\CE211252_Ambient_Light_Sensing.a(Opamp_TIA.o)
                              .\CortexM0p\ARM_GCC_493\Debug\main.o (Opamp_TIA_Start)
.\CortexM0p\ARM_GCC_493\Debug\CE211252_Ambient_Light_Sensing.a(PWM.o)
                              .\CortexM0p\ARM_GCC_493\Debug\main.o (PWM_WriteCompare)
.\CortexM0p\ARM_GCC_493\Debug\CE211252_Ambient_Light_Sensing.a(RefBuffer.o)
                              .\CortexM0p\ARM_GCC_493\Debug\main.o (RefBuffer_Start)
.\CortexM0p\ARM_GCC_493\Debug\CE211252_Ambient_Light_Sensing.a(ADC_intSarClock.o)
                              .\CortexM0p\ARM_GCC_493\Debug\CE211252_Ambient_Light_Sensing.a(ADC.o) (ADC_intSarClock_SetFractionalDividerRegister)
.\CortexM0p\ARM_GCC_493\Debug\CE211252_Ambient_Light_Sensing.a(ADC_IRQ.o)
                              .\CortexM0p\ARM_GCC_493\Debug\CE211252_Ambient_Light_Sensing.a(ADC.o) (ADC_IRQ_StartEx)
.\CortexM0p\ARM_GCC_493\Debug\CE211252_Ambient_Light_Sensing.a(CyLib.o)
                              .\CortexM0p\ARM_GCC_493\Debug\CE211252_Ambient_Light_Sensing.a(EZI2C.o) (CyIntEnable)
.\CortexM0p\ARM_GCC_493\Debug\CE211252_Ambient_Light_Sensing.a(CyLFClk.o)
                              .\CortexM0p\ARM_GCC_493\Debug\CE211252_Ambient_Light_Sensing.a(CyLib.o) (CySysClkWcoEnabled)
.\CortexM0p\ARM_GCC_493\Debug\CE211252_Ambient_Light_Sensing.a(I2C_1.o)
                              .\CortexM0p\ARM_GCC_493\Debug\main.o (I2C_1_Start)
.\CortexM0p\ARM_GCC_493\Debug\CE211252_Ambient_Light_Sensing.a(I2C_1_I2C.o)
                              .\CortexM0p\ARM_GCC_493\Debug\CE211252_Ambient_Light_Sensing.a(I2C_1.o) (I2C_1_I2CInit)
.\CortexM0p\ARM_GCC_493\Debug\CE211252_Ambient_Light_Sensing.a(I2C_1_I2C_MASTER.o)
                              .\CortexM0p\ARM_GCC_493\Debug\CE211252_Ambient_Light_Sensing.a(I2C_1_I2C.o) (I2C_1_mstrRdBufIndex)
.\CortexM0p\ARM_GCC_493\Debug\CE211252_Ambient_Light_Sensing.a(CyBootAsmGnu.o)
                              .\CortexM0p\ARM_GCC_493\Debug\CE211252_Ambient_Light_Sensing.a(CyLib.o) (CyDelayCycles)
.\CortexM0p\ARM_GCC_493\Debug\CE211252_Ambient_Light_Sensing.a(CyFlash.o)
                              .\CortexM0p\ARM_GCC_493\Debug\CE211252_Ambient_Light_Sensing.a(CyLib.o) (CySysFlashSetWaitCycles)
.\CortexM0p\ARM_GCC_493\Debug\CE211252_Ambient_Light_Sensing.a(I2C_1_I2C_INT.o)
                              .\CortexM0p\ARM_GCC_493\Debug\CE211252_Ambient_Light_Sensing.a(I2C_1_I2C.o) (I2C_1_I2C_ISR)
c:/program files (x86)/cypress/psoc creator/4.0/psoc creator/import/gnu/arm/4.9.3/bin/../lib/gcc/arm-none-eabi/4.9.3/armv6-m\libgcc.a(_udivsi3.o)
                              .\CortexM0p\ARM_GCC_493\Debug\CE211252_Ambient_Light_Sensing.a(CyLib.o) (__aeabi_uidiv)
c:/program files (x86)/cypress/psoc creator/4.0/psoc creator/import/gnu/arm/4.9.3/bin/../lib/gcc/arm-none-eabi/4.9.3/armv6-m\libgcc.a(_divsi3.o)
                              .\CortexM0p\ARM_GCC_493\Debug\main.o (__aeabi_idiv)
c:/program files (x86)/cypress/psoc creator/4.0/psoc creator/import/gnu/arm/4.9.3/bin/../lib/gcc/arm-none-eabi/4.9.3/armv6-m\libgcc.a(_dvmd_tls.o)
                              c:/program files (x86)/cypress/psoc creator/4.0/psoc creator/import/gnu/arm/4.9.3/bin/../lib/gcc/arm-none-eabi/4.9.3/armv6-m\libgcc.a(_udivsi3.o) (__aeabi_idiv0)
c:/program files (x86)/cypress/psoc creator/4.0/psoc creator/import/gnu/arm/4.9.3/bin/../lib/gcc/arm-none-eabi/4.9.3/armv6-m\libgcc.a(_aeabi_ldivmod.o)
[...]
Memory Configuration

Name             Origin             Length             Attributes
rom              0x00000000         0x00008000         xr
ram              0x20000000         0x00001000         xrw
*default*        0x00000000         0xffffffff

Linker script and memory map

LOAD c:/program files (x86)/cypress/psoc creator/4.0/psoc creator/import/gnu/arm/4.9.3/bin/../lib/gcc/arm-none-eabi/4.9.3/armv6-m/crti.o
LOAD c:/program files (x86)/cypress/psoc creator/4.0/psoc creator/import/gnu/arm/4.9.3/bin/../lib/gcc/arm-none-eabi/4.9.3/armv6-m/crtbegin.o
LOAD c:/program files (x86)/cypress/psoc creator/4.0/psoc creator/import/gnu/arm/4.9.3/bin/../lib/gcc/arm-none-eabi/4.9.3/../../../../arm-none-eabi/lib/armv6-m/crt0.o
START GROUP
LOAD .\CortexM0p\ARM_GCC_493\Debug\main.o
LOAD .\CortexM0p\ARM_GCC_493\Debug\cymetadata.o
LOAD .\CortexM0p\ARM_GCC_493\Debug\Cm0plusStart.o
LOAD .\CortexM0p\ARM_GCC_493\Debug\CE211252_Ambient_Light_Sensing.a
END GROUP
START GROUP
LOAD c:/program files (x86)/cypress/psoc creator/4.0/psoc creator/import/gnu/arm/4.9.3/bin/../lib/gcc/arm-none-eabi/4.9.3/armv6-m\libgcc.a
LOAD c:/program files (x86)/cypress/psoc creator/4.0/psoc creator/import/gnu/arm/4.9.3/bin/../lib/gcc/arm-none-eabi/4.9.3/../../../../arm-none-eabi/lib/armv6-m\libg_nano.a
LOAD c:/program files (x86)/cypress/psoc creator/4.0/psoc creator/import/gnu/arm/4.9.3/bin/../lib/gcc/arm-none-eabi/4.9.3/../../../../arm-none-eabi/lib/armv6-m\libc_nano.a
END GROUP
START GROUP
LOAD c:/program files (x86)/cypress/psoc creator/4.0/psoc creator/import/gnu/arm/4.9.3/bin/../lib/gcc/arm-none-eabi/4.9.3/armv6-m\libgcc.a
LOAD c:/program files (x86)/cypress/psoc creator/4.0/psoc creator/import/gnu/arm/4.9.3/bin/../lib/gcc/arm-none-eabi/4.9.3/../../../../arm-none-eabi/lib/armv6-m\libc_nano.a
END GROUP
LOAD c:/program files (x86)/cypress/psoc creator/4.0/psoc creator/import/gnu/arm/4.9.3/bin/../lib/gcc/arm-none-eabi/4.9.3/armv6-m/crtend.o
LOAD c:/program files (x86)/cypress/psoc creator/4.0/psoc creator/import/gnu/arm/4.9.3/bin/../lib/gcc/arm-none-eabi/4.9.3/armv6-m/crtn.o
START GROUP
LOAD c:/program files (x86)/cypress/psoc creator/4.0/psoc creator/import/gnu/arm/4.9.3/bin/../lib/gcc/arm-none-eabi/4.9.3/armv6-m\libgcc.a
LOAD c:/program files (x86)/cypress/psoc creator/4.0/psoc creator/import/gnu/arm/4.9.3/bin/../lib/gcc/arm-none-eabi/4.9.3/../../../../arm-none-eabi/lib/armv6-m\libc.a
LOAD c:/program files (x86)/cypress/psoc creator/4.0/psoc creator/import/gnu/arm/4.9.3/bin/../lib/gcc/arm-none-eabi/4.9.3/../../../../arm-none-eabi/lib/armv6-m\libnosys.a
END GROUP
                0x00000000                CY_APPL_ORIGIN = 0x0
                0x00000080                CY_FLASH_ROW_SIZE = 0x80
                0x00000001                CY_APPL_NUM = 0x1
                0x00000001                CY_APPL_MAX = 0x1
                0x00000040                CY_METADATA_SIZE = 0x40
                0x00000000                CY_APPL_LOADABLE = 0x0
                0x00000000                CY_CHECKSUM_EXCLUDE_SIZE = ALIGN (0x0, CY_FLASH_ROW_SIZE)
                0x00000000                CY_APP_FOR_STACK_AND_COPIER = 0x0
                0x200001c0                PROVIDE (__cy_heap_start, _end)
                0x00000001                PROVIDE (__cy_region_num, ((__cy_regions_end - __cy_regions) / 0x10))
                0x20001000                PROVIDE (__cy_stack, (ORIGIN (ram) + 0x1000))
                0x20000800                PROVIDE (__cy_heap_end, (__cy_stack - 0x800))

.cybootloader   0x00000000        0x0
 *(.cybootloader)
                0x00000000                appl1_start = CY_APPL_ORIGIN?CY_APPL_ORIGIN:ALIGN (CY_FLASH_ROW_SIZE)
                0x00003f80                appl2_start = (appl1_start + ALIGN ((((0x8000 - appl1_start) - (0x2 * CY_FLASH_ROW_SIZE)) / 0x2), CY_FLASH_ROW_SIZE))
                0x00000000                appl_start = (CY_APPL_NUM == 0x1)?appl1_start:appl2_start
                0x00000001                cy_project_type_bootloader = (appl_start == 0x0)?0x1:0x0
                0x00000000                cy_project_type_app_for_stack_and_copier = (CY_APP_FOR_STACK_AND_COPIER == 0x1)?0x1:0x0

.text           0x00000000     0x18fc
 CREATE_OBJECT_SYMBOLS
                0x00000000                PROVIDE (__cy_interrupt_vector, RomVectors)
 *(.romvectors)
 .romvectors    0x00000000       0x10 .\CortexM0p\ARM_GCC_493\Debug\Cm0plusStart.o
                0x00000000                RomVectors
                0x00000001                ASSERT ((. != __cy_interrupt_vector), No interrupt vector)
                0x00000001                ASSERT (CY_APPL_ORIGIN?(SIZEOF (.cybootloader) <= CY_APPL_ORIGIN):0x1, Wrong image location)
                0x00000010                PROVIDE (__cy_reset, Reset)
 *(.text.Reset)
 .text.Reset    0x00000010        0xc .\CortexM0p\ARM_GCC_493\Debug\Cm0plusStart.o
                0x00000010                Reset
                0x00000001                ASSERT ((. != __cy_reset), No reset code)
 *(.psocinit)
 .psocinit      0x0000001c      0x14c .\CortexM0p\ARM_GCC_493\Debug\CE211252_Ambient_Light_Sensing.a(cyfitter_cfg.o)
                0x000000d4                cyfitter_cfg
                0x00000168                . = MAX (., 0x100)
 *(.text .text.* .gnu.linkonce.t.*)
 .text          0x00000168       0x60 c:/program files (x86)/cypress/psoc creator/4.0/psoc creator/import/gnu/arm/4.9.3/bin/../lib/gcc/arm-none-eabi/4.9.3/armv6-m/crtbegin.o
 .text.InitResources
                0x000001c8       0x38 .\CortexM0p\ARM_GCC_493\Debug\main.o
                0x000001c8                InitResources
 .text.main     0x00000200       0xa8 .\CortexM0p\ARM_GCC_493\Debug\main.o
                0x00000200                main
 .text.IntDefaultHandler
                0x000002a8       0x10 .\CortexM0p\ARM_GCC_493\Debug\Cm0plusStart.o
                0x000002a8                IntDefaultHandler
 .text.Start_c  0x000002b8       0x48 .\CortexM0p\ARM_GCC_493\Debug\Cm0plusStart.o
                0x000002b8                Start_c
 .text.initialize_psoc
                0x00000300       0x48 .\CortexM0p\ARM_GCC_493\Debug\Cm0plusStart.o
                0x00000300                initialize_psoc
 .text.SetAnalogRoutingPumps
                0x00000348       0x20 .\CortexM0p\ARM_GCC_493\Debug\CE211252_Ambient_Light_Sensing.a(cyfitter_cfg.o)
                0x00000348                SetAnalogRoutingPumps
 .text.AnalogSetDefault
                0x00000368       0xa4 .\CortexM0p\ARM_GCC_493\Debug\CE211252_Ambient_Light_Sensing.a(cyfitter_cfg.o)
 .text.EZI2C_ScbEnableIntr
                0x0000040c        0xc .\CortexM0p\ARM_GCC_493\Debug\CE211252_Ambient_Light_Sensing.a(EZI2C.o)
 .text.EZI2C_Init
                0x00000418        0x8 .\CortexM0p\ARM_GCC_493\Debug\CE211252_Ambient_Light_Sensing.a(EZI2C.o)
                0x00000418                EZI2C_Init
 .text.EZI2C_Enable
                0x00000420       0x18 .\CortexM0p\ARM_GCC_493\Debug\CE211252_Ambient_Light_Sensing.a(EZI2C.o)
                0x00000420                EZI2C_Enable
 .text.EZI2C_Start
                0x00000438       0x20 .\CortexM0p\ARM_GCC_493\Debug\CE211252_Ambient_Light_Sensing.a(EZI2C.o)
                0x00000438                EZI2C_Start
 .text.EZI2C_EzI2CInit
                0x00000458       0xc0 .\CortexM0p\ARM_GCC_493\Debug\CE211252_Ambient_Light_Sensing.a(EZI2C_EZI2C.o)
                0x00000458                EZI2C_EzI2CInit
 .text.EZI2C_EzI2CGetActivity
                0x00000518       0x24 .\CortexM0p\ARM_GCC_493\Debug\CE211252_Ambient_Light_Sensing.a(EZI2C_EZI2C.o)
                0x00000518                EZI2C_EzI2CGetActivity
 .text.EZI2C_EzI2CSetBuffer1
                0x0000053c       0x30 .\CortexM0p\ARM_GCC_493\Debug\CE211252_Ambient_Light_Sensing.a(EZI2C_EZI2C.o)
                0x0000053c                EZI2C_EzI2CSetBuffer1
 .text.EZI2C_EZI2C_STRETCH_ISR
                0x0000056c      0x324 .\CortexM0p\ARM_GCC_493\Debug\CE211252_Ambient_Light_Sensing.a(EZI2C_EZI2C_INT.o)
                0x0000056c                EZI2C_EZI2C_STRETCH_ISR
 .text.ADC_InitConfig
                0x00000890       0xd4 .\CortexM0p\ARM_GCC_493\Debug\CE211252_Ambient_Light_Sensing.a(ADC.o)
                0x00000890                ADC_InitConfig
 .text.ADC_StartConvert
                0x00000964       0x28 .\CortexM0p\ARM_GCC_493\Debug\CE211252_Ambient_Light_Sensing.a(ADC.o)
                0x00000964                ADC_StartConvert
 .text.ADC_IsEndConversion
                0x0000098c       0x38 .\CortexM0p\ARM_GCC_493\Debug\CE211252_Ambient_Light_Sensing.a(ADC.o)
                0x0000098c                ADC_IsEndConversion
 .text.ADC_GetResult16
                0x000009c4       0x54 .\CortexM0p\ARM_GCC_493\Debug\CE211252_Ambient_Light_Sensing.a(ADC.o)
                0x000009c4                ADC_GetResult16
 .text.ADC_Init
                0x00000a18       0xa8 .\CortexM0p\ARM_GCC_493\Debug\CE211252_Ambient_Light_Sensing.a(ADC.o)
                0x00000a18                ADC_Init
 .text.ADC_Enable
                0x00000ac0       0x30 .\CortexM0p\ARM_GCC_493\Debug\CE211252_Ambient_Light_Sensing.a(ADC.o)
                0x00000ac0                ADC_Enable
 .text.ADC_Start
                0x00000af0       0x24 .\CortexM0p\ARM_GCC_493\Debug\CE211252_Ambient_Light_Sensing.a(ADC.o)
                0x00000af0                ADC_Start
 .text.ADC_ISR  0x00000b14        0xc .\CortexM0p\ARM_GCC_493\Debug\CE211252_Ambient_Light_Sensing.a(ADC_INT.o)
                0x00000b14                ADC_ISR
 .text.PVref_Init
                0x00000b20       0x1c .\CortexM0p\ARM_GCC_493\Debug\CE211252_Ambient_Light_Sensing.a(PVref.o)
                0x00000b20                PVref_Init
 .text.PVref_Enable
                0x00000b3c       0x10 .\CortexM0p\ARM_GCC_493\Debug\CE211252_Ambient_Light_Sensing.a(PVref.o)
                0x00000b3c                PVref_Enable
 .text.PVref_Start
                0x00000b4c       0x20 .\CortexM0p\ARM_GCC_493\Debug\CE211252_Ambient_Light_Sensing.a(PVref.o)
                0x00000b4c                PVref_Start
 .text.Opamp_TIA_Init
                0x00000b6c       0x2c .\CortexM0p\ARM_GCC_493\Debug\CE211252_Ambient_Light_Sensing.a(Opamp_TIA.o)
                0x00000b6c                Opamp_TIA_Init
 .text.Opamp_TIA_Enable
                0x00000b98       0x1c .\CortexM0p\ARM_GCC_493\Debug\CE211252_Ambient_Light_Sensing.a(Opamp_TIA.o)
                0x00000b98                Opamp_TIA_Enable
 .text.Opamp_TIA_Start
                0x00000bb4       0x20 .\CortexM0p\ARM_GCC_493\Debug\CE211252_Ambient_Light_Sensing.a(Opamp_TIA.o)
                0x00000bb4                Opamp_TIA_Start
 .text.PWM_WriteCounter
                0x00000bd4       0x10 .\CortexM0p\ARM_GCC_493\Debug\CE211252_Ambient_Light_Sensing.a(PWM.o)
                0x00000bd4                PWM_WriteCounter
 .text.PWM_WritePeriod
                0x00000be4       0x10 .\CortexM0p\ARM_GCC_493\Debug\CE211252_Ambient_Light_Sensing.a(PWM.o)
                0x00000be4                PWM_WritePeriod
 .text.PWM_WriteCompare
                0x00000bf4       0x10 .\CortexM0p\ARM_GCC_493\Debug\CE211252_Ambient_Light_Sensing.a(PWM.o)
                0x00000bf4                PWM_WriteCompare
 .text.PWM_TriggerCommand
                0x00000c04       0x1c .\CortexM0p\ARM_GCC_493\Debug\CE211252_Ambient_Light_Sensing.a(PWM.o)
                0x00000c04                PWM_TriggerCommand
 .text.PWM_Enable
                0x00000c20       0x24 .\CortexM0p\ARM_GCC_493\Debug\CE211252_Ambient_Light_Sensing.a(PWM.o)
                0x00000c20                PWM_Enable
 .text.PWM_SetInterruptMode
                0x00000c44        0xc .\CortexM0p\ARM_GCC_493\Debug\CE211252_Ambient_Light_Sensing.a(PWM.o)
                0x00000c44                PWM_SetInterruptMode
 .text.PWM_Init
                0x00000c50       0x50 .\CortexM0p\ARM_GCC_493\Debug\CE211252_Ambient_Light_Sensing.a(PWM.o)
                0x00000c50                PWM_Init
 .text.PWM_Start
                0x00000ca0       0x20 .\CortexM0p\ARM_GCC_493\Debug\CE211252_Ambient_Light_Sensing.a(PWM.o)
                0x00000ca0                PWM_Start
 .text.RefBuffer_Init
                0x00000cc0       0x2c .\CortexM0p\ARM_GCC_493\Debug\CE211252_Ambient_Light_Sensing.a(RefBuffer.o)
                0x00000cc0                RefBuffer_Init
 .text.RefBuffer_Enable
                0x00000cec       0x1c .\CortexM0p\ARM_GCC_493\Debug\CE211252_Ambient_Light_Sensing.a(RefBuffer.o)
                0x00000cec                RefBuffer_Enable
 .text.RefBuffer_Start
                0x00000d08       0x20 .\CortexM0p\ARM_GCC_493\Debug\CE211252_Ambient_Light_Sensing.a(RefBuffer.o)
                0x00000d08                RefBuffer_Start
 .text.ADC_intSarClock_SetFractionalDividerRegister
                0x00000d28       0x20 .\CortexM0p\ARM_GCC_493\Debug\CE211252_Ambient_Light_Sensing.a(ADC_intSarClock.o)
                0x00000d28                ADC_intSarClock_SetFractionalDividerRegister
 .text.CySysClkImoDisableWcoLock
                0x00000d48       0x14 .\CortexM0p\ARM_GCC_493\Debug\CE211252_Ambient_Light_Sensing.a(CyLib.o)
                0x00000d48                CySysClkImoDisableWcoLock
 .text.CySysClkImoGetWcoLock
                0x00000d5c       0x14 .\CortexM0p\ARM_GCC_493\Debug\CE211252_Ambient_Light_Sensing.a(CyLib.o)
                0x00000d5c                CySysClkImoGetWcoLock
 .text.CyIntEnable
                0x00000d70       0x14 .\CortexM0p\ARM_GCC_493\Debug\CE211252_Ambient_Light_Sensing.a(CyLib.o)
                0x00000d70                CyIntEnable
 .text.CyIntDisable
                0x00000d84       0x14 .\CortexM0p\ARM_GCC_493\Debug\CE211252_Ambient_Light_Sensing.a(CyLib.o)
                0x00000d84                CyIntDisable
 .text.CyHalt   0x00000d98        0x4 .\CortexM0p\ARM_GCC_493\Debug\CE211252_Ambient_Light_Sensing.a(CyLib.o)
                0x00000d98                CyHalt
 .text.CyIntSetVector
                0x00000d9c       0x24 .\CortexM0p\ARM_GCC_493\Debug\CE211252_Ambient_Light_Sensing.a(CyLib.o)
                0x00000d9c                CyIntSetVector
 .text.CyIntSetPriority
                0x00000dc0       0x4c .\CortexM0p\ARM_GCC_493\Debug\CE211252_Ambient_Light_Sensing.a(CyLib.o)
                0x00000dc0                CyIntSetPriority
 .text.CyDelay  0x00000e0c       0x30 .\CortexM0p\ARM_GCC_493\Debug\CE211252_Ambient_Light_Sensing.a(CyLib.o)
                0x00000e0c                CyDelay
 .text.CySysClkImoEnableWcoLock
                0x00000e3c       0xcc .\CortexM0p\ARM_GCC_493\Debug\CE211252_Ambient_Light_Sensing.a(CyLib.o)
                0x00000e3c                CySysClkImoEnableWcoLock
 .text.CySysClkWriteImoFreq
                0x00000f08       0xd8 .\CortexM0p\ARM_GCC_493\Debug\CE211252_Ambient_Light_Sensing.a(CyLib.o)
                0x00000f08                CySysClkWriteImoFreq
 .text.CyDelayUs
                0x00000fe0       0x14 .\CortexM0p\ARM_GCC_493\Debug\CE211252_Ambient_Light_Sensing.a(CyLib.o)
                0x00000fe0                CyDelayUs
 .text.CySysClkGetTimerSource
                0x00000ff4       0x10 .\CortexM0p\ARM_GCC_493\Debug\CE211252_Ambient_Light_Sensing.a(CyLFClk.o)
 .text.CySysClkWcoEnabled
                0x00001004       0x14 .\CortexM0p\ARM_GCC_493\Debug\CE211252_Ambient_Light_Sensing.a(CyLFClk.o)
                0x00001004                CySysClkWcoEnabled
 .text.CySysWdtDisable
                0x00001018       0x10 .\CortexM0p\ARM_GCC_493\Debug\CE211252_Ambient_Light_Sensing.a(CyLFClk.o)
                0x00001018                CySysWdtDisable
 .text.CySysClkSetTimerSource
                0x00001028       0x68 .\CortexM0p\ARM_GCC_493\Debug\CE211252_Ambient_Light_Sensing.a(CyLFClk.o)
                0x00001028                CySysClkSetTimerSource
 .text.I2C_1_ScbEnableIntr
                0x00001090        0xc .\CortexM0p\ARM_GCC_493\Debug\CE211252_Ambient_Light_Sensing.a(I2C_1.o)
 .text.I2C_1_Init
                0x0000109c        0x8 .\CortexM0p\ARM_GCC_493\Debug\CE211252_Ambient_Light_Sensing.a(I2C_1.o)
                0x0000109c                I2C_1_Init
 .text.I2C_1_Enable
                0x000010a4       0x18 .\CortexM0p\ARM_GCC_493\Debug\CE211252_Ambient_Light_Sensing.a(I2C_1.o)
                0x000010a4                I2C_1_Enable
 .text.I2C_1_Start
                0x000010bc       0x20 .\CortexM0p\ARM_GCC_493\Debug\CE211252_Ambient_Light_Sensing.a(I2C_1.o)
                0x000010bc                I2C_1_Start
 .text.I2C_1_I2CInit
                0x000010dc       0xbc .\CortexM0p\ARM_GCC_493\Debug\CE211252_Ambient_Light_Sensing.a(I2C_1_I2C.o)
                0x000010dc                I2C_1_I2CInit
 .text.I2C_1_I2CMasterStatus
                0x00001198       0x30 .\CortexM0p\ARM_GCC_493\Debug\CE211252_Ambient_Light_Sensing.a(I2C_1_I2C_MASTER.o)
                0x00001198                I2C_1_I2CMasterStatus
 .text.I2C_1_I2CReStartGeneration
                0x000011c8       0x20 .\CortexM0p\ARM_GCC_493\Debug\CE211252_Ambient_Light_Sensing.a(I2C_1_I2C_MASTER.o)
                0x000011c8                I2C_1_I2CReStartGeneration
 .text.I2C_1_I2CMasterWriteBuf
                0x000011e8       0xec .\CortexM0p\ARM_GCC_493\Debug\CE211252_Ambient_Light_Sensing.a(I2C_1_I2C_MASTER.o)
                0x000011e8                I2C_1_I2CMasterWriteBuf
 *fill*         0x000012d4        0x4 
 .text          0x000012d8       0x20 .\CortexM0p\ARM_GCC_493\Debug\CE211252_Ambient_Light_Sensing.a(CyBootAsmGnu.o)
                0x000012d8                CyDelayCycles
                0x000012ea                CyEnterCriticalSection
                0x000012f2                CyExitCriticalSection
 .text.CySysFlashSetWaitCycles
                0x000012f8       0x54 .\CortexM0p\ARM_GCC_493\Debug\CE211252_Ambient_Light_Sensing.a(CyFlash.o)
                0x000012f8                CySysFlashSetWaitCycles
 .text.I2C_1_I2C_ISR
                0x0000134c      0x374 .\CortexM0p\ARM_GCC_493\Debug\CE211252_Ambient_Light_Sensing.a(I2C_1_I2C_INT.o)
                0x0000134c                I2C_1_I2C_ISR
 .text          0x000016c0      0x1e0 c:/program files (x86)/cypress/psoc creator/4.0/psoc creator/import/gnu/arm/4.9.3/bin/../lib/gcc/arm-none-eabi/4.9.3/armv6-m\libgcc.a(_divsi3.o)
                0x000016c0                __divsi3
                0x000016c0                __aeabi_idiv
                0x0000188c                __aeabi_idivmod
 .text          0x000018a0        0x4 c:/program files (x86)/cypress/psoc creator/4.0/psoc creator/import/gnu/arm/4.9.3/bin/../lib/gcc/arm-none-eabi/4.9.3/armv6-m\libgcc.a(_dvmd_tls.o)
                0x000018a0                __aeabi_idiv0
                0x000018a0                __aeabi_ldiv0
 .text.__errno  0x000018a4        0xc c:/program files (x86)/cypress/psoc creator/4.0/psoc creator/import/gnu/arm/4.9.3/bin/../lib/gcc/arm-none-eabi/4.9.3/../../../../arm-none-eabi/lib/armv6-m\libg_nano.a(lib_a-errno.o)
                0x000018a4                __errno
 .text.__libc_init_array
                0x000018b0       0x4c c:/program files (x86)/cypress/psoc creator/4.0/psoc creator/import/gnu/arm/4.9.3/bin/../lib/gcc/arm-none-eabi/4.9.3/../../../../arm-none-eabi/lib/armv6-m\libg_nano.a(lib_a-init.o)
                0x000018b0                __libc_init_array
 *(.plt)
 *(.gnu.warning)
 *(.glue_7t)
 .glue_7t       0x00000000        0x0 linker stubs
 *(.glue_7)
 .glue_7        0x00000000        0x0 linker stubs
 *(.vfp11_veneer)
 .vfp11_veneer  0x00000000        0x0 linker stubs
 *(.bootloader)
 *(.ARM.extab* .gnu.linkonce.armextab.*)
 *(.gcc_except_table)

.v4_bx          0x000018fc        0x0
 .v4_bx         0x00000000        0x0 linker stubs

.iplt           0x000018fc        0x0
 .iplt          0x00000000        0x0 c:/program files (x86)/cypress/psoc creator/4.0/psoc creator/import/gnu/arm/4.9.3/bin/../lib/gcc/arm-none-eabi/4.9.3/armv6-m/crtbegin.o

.eh_frame_hdr
 *(.eh_frame_hdr)

.eh_frame       0x000018fc        0x4
 *(.eh_frame)
 .eh_frame      0x000018fc        0x0 c:/program files (x86)/cypress/psoc creator/4.0/psoc creator/import/gnu/arm/4.9.3/bin/../lib/gcc/arm-none-eabi/4.9.3/armv6-m/crtbegin.o
 .eh_frame      0x000018fc        0x4 c:/program files (x86)/cypress/psoc creator/4.0/psoc creator/import/gnu/arm/4.9.3/bin/../lib/gcc/arm-none-eabi/4.9.3/armv6-m/crtend.o
                0x00001900                PROVIDE (__exidx_start, .)

.ARM.exidx
 *(.ARM.exidx* .gnu.linkonce.armexidx.*)
                0x00001900                __exidx_end = .

.rodata         0x00001900       0x88
 *(.rodata .rodata.* .gnu.linkonce.r.*)
 .rodata        0x00001900       0x38 .\CortexM0p\ARM_GCC_493\Debug\CE211252_Ambient_Light_Sensing.a(ADC_INIT.o)
                0x00001900                ADC_allConfigs
 .rodata        0x00001938       0x18 .\CortexM0p\ARM_GCC_493\Debug\CE211252_Ambient_Light_Sensing.a(CyLib.o)
                0x00001938                cyImoFreqMhz2DpllOffset
 .rodata.str1.1
                0x00001950        0x2 c:/program files (x86)/cypress/psoc creator/4.0/psoc creator/import/gnu/arm/4.9.3/bin/../lib/gcc/arm-none-eabi/4.9.3/../../../../arm-none-eabi/lib/armv6-m\libg_nano.a(lib_a-impure.o)
                0x00001954                . = ALIGN (0x4)
 *fill*         0x00001952        0x2 
 *(.init)
 .init          0x00001954        0x4 c:/program files (x86)/cypress/psoc creator/4.0/psoc creator/import/gnu/arm/4.9.3/bin/../lib/gcc/arm-none-eabi/4.9.3/armv6-m/crti.o
                0x00001954                _init
 .init          0x00001958        0x8 c:/program files (x86)/cypress/psoc creator/4.0/psoc creator/import/gnu/arm/4.9.3/bin/../lib/gcc/arm-none-eabi/4.9.3/armv6-m/crtn.o
                0x00001960                . = ALIGN (0x4)
                0x00001960                __preinit_array_start = .
 *(.preinit_array)
                0x00001960                __preinit_array_end = .
                0x00001960                . = ALIGN (0x4)
                0x00001960                __init_array_start = .
 *(SORT(.init_array.*))
 *(.init_array)
 .init_array    0x00001960        0x4 c:/program files (x86)/cypress/psoc creator/4.0/psoc creator/import/gnu/arm/4.9.3/bin/../lib/gcc/arm-none-eabi/4.9.3/armv6-m/crtbegin.o
 .init_array    0x00001964        0x4 .\CortexM0p\ARM_GCC_493\Debug\Cm0plusStart.o
                0x00001968                __init_array_end = .
                0x00001968                . = ALIGN (0x4)
 *(.fini)
 .fini          0x00001968        0x4 c:/program files (x86)/cypress/psoc creator/4.0/psoc creator/import/gnu/arm/4.9.3/bin/../lib/gcc/arm-none-eabi/4.9.3/armv6-m/crti.o
                0x00001968                _fini
 .fini          0x0000196c        0x8 c:/program files (x86)/cypress/psoc creator/4.0/psoc creator/import/gnu/arm/4.9.3/bin/../lib/gcc/arm-none-eabi/4.9.3/armv6-m/crtn.o
                0x00001974                . = ALIGN (0x4)
                0x00001974                __fini_array_start = .
 *(.fini_array)
 .fini_array    0x00001974        0x4 c:/program files (x86)/cypress/psoc creator/4.0/psoc creator/import/gnu/arm/4.9.3/bin/../lib/gcc/arm-none-eabi/4.9.3/armv6-m/crtbegin.o
 *(SORT(.fini_array.*))
                0x00001978                __fini_array_end = .
                0x00001978                . = ALIGN (0x4)
 *crtbegin.o(.ctors)
 *(EXCLUDE_FILE(*crtend.o) .ctors)
 *(SORT(.ctors.*))
 *crtend.o(.ctors)
                0x00001978                . = ALIGN (0x4)
 *crtbegin.o(.dtors)
 *(EXCLUDE_FILE(*crtend.o) .dtors)
 *(SORT(.dtors.*))
 *crtend.o(.dtors)
                0x00001978                . = ALIGN (0x4)
                0x00001978                __cy_regions = .
                0x00001978        0x4 LONG 0x1988 __cy_region_init_ram
                0x0000197c        0x4 LONG 0x200000b0 __cy_region_start_data
                0x00001980        0x4 LONG 0x80 __cy_region_init_size_ram
                0x00001984        0x4 LONG 0x90 __cy_region_zero_size_ram
                0x00001988                __cy_regions_end = .
                0x00001988                . = ALIGN (0x8)
                0x00001988                _etext = .

.cy_checksum_exclude
                0x00001988        0x0
 *(.cy_checksum_exclude)

.ramvectors     0x20000000       0xa4
                0x20000000                __cy_region_start_ram = .
 *(.ramvectors)
 .ramvectors    0x20000000       0xa4 .\CortexM0p\ARM_GCC_493\Debug\Cm0plusStart.o
                0x20000000                CyRamVectors

.noinit         0x200000a8        0x4
 *(.noinit)
 .noinit        0x200000a8        0x4 .\CortexM0p\ARM_GCC_493\Debug\Cm0plusStart.o

.data           0x200000b0       0x80 load address 0x00001988
                0x200000b0                __cy_region_start_data = .
 *(.jcr)
 .jcr           0x200000b0        0x0 c:/program files (x86)/cypress/psoc creator/4.0/psoc creator/import/gnu/arm/4.9.3/bin/../lib/gcc/arm-none-eabi/4.9.3/armv6-m/crtbegin.o
 .jcr           0x200000b0        0x4 c:/program files (x86)/cypress/psoc creator/4.0/psoc creator/import/gnu/arm/4.9.3/bin/../lib/gcc/arm-none-eabi/4.9.3/armv6-m/crtend.o
 *(.got.plt)
 *(.got)
 *(.shdata)
 *(.data .data.* .gnu.linkonce.d.*)
 .data          0x200000b4       0x14 .\CortexM0p\ARM_GCC_493\Debug\CE211252_Ambient_Light_Sensing.a(CyLib.o)
                0x200000b4                CySysClkPumpConfig
                0x200000b8                cydelay32kMs
                0x200000bc                cydelayFreqKhz
                0x200000c0                cydelayFreqMhz
                0x200000c4                cydelayFreqHz
 .data.impure_data
                0x200000c8       0x60 c:/program files (x86)/cypress/psoc creator/4.0/psoc creator/import/gnu/arm/4.9.3/bin/../lib/gcc/arm-none-eabi/4.9.3/../../../../arm-none-eabi/lib/armv6-m\libg_nano.a(lib_a-impure.o)
 .data._impure_ptr
                0x20000128        0x4 c:/program files (x86)/cypress/psoc creator/4.0/psoc creator/import/gnu/arm/4.9.3/bin/../lib/gcc/arm-none-eabi/4.9.3/../../../../arm-none-eabi/lib/armv6-m\libg_nano.a(lib_a-impure.o)
                0x20000128                _impure_ptr
                0x20000130                . = ALIGN (0x8)
 *fill*         0x2000012c        0x4 
 *(.ram)
                0x20000130                _edata = .

.igot.plt       0x20000130        0x0 load address 0x00001a08
 .igot.plt      0x00000000        0x0 c:/program files (x86)/cypress/psoc creator/4.0/psoc creator/import/gnu/arm/4.9.3/bin/../lib/gcc/arm-none-eabi/4.9.3/armv6-m/crtbegin.o

.bss            0x20000130       0x90 load address 0x00001a08
                0x20000130                PROVIDE (__bss_start__, .)
 *(.shbss)
 *(.bss .bss.* .gnu.linkonce.b.*)
 .bss           0x20000130       0x1c c:/program files (x86)/cypress/psoc creator/4.0/psoc creator/import/gnu/arm/4.9.3/bin/../lib/gcc/arm-none-eabi/4.9.3/armv6-m/crtbegin.o
 .bss           0x2000014c        0x4 .\CortexM0p\ARM_GCC_493\Debug\main.o
                0x2000014c                i2cBuffer
 .bss           0x20000150        0x8 .\CortexM0p\ARM_GCC_493\Debug\CE211252_Ambient_Light_Sensing.a(EZI2C.o)
                0x20000150                EZI2C_initVar
                0x20000154                EZI2C_customIntrHandler
 .bss           0x20000158        0x2 .\CortexM0p\ARM_GCC_493\Debug\CE211252_Ambient_Light_Sensing.a(EZI2C_EZI2C_INT.o)
 *fill*         0x2000015a        0x2 
 .bss           0x2000015c        0x8 .\CortexM0p\ARM_GCC_493\Debug\CE211252_Ambient_Light_Sensing.a(ADC.o)
                0x20000160                ADC_initVar
                0x20000161                ADC_selected
 .bss           0x20000164        0x1 .\CortexM0p\ARM_GCC_493\Debug\CE211252_Ambient_Light_Sensing.a(PVref.o)
                0x20000164                PVref_initVar
 *fill*         0x20000165        0x3 
 .bss           0x20000168        0x8 .\CortexM0p\ARM_GCC_493\Debug\CE211252_Ambient_Light_Sensing.a(Opamp_TIA.o)
                0x2000016c                Opamp_TIA_initVar
 .bss           0x20000170        0x1 .\CortexM0p\ARM_GCC_493\Debug\CE211252_Ambient_Light_Sensing.a(PWM.o)
                0x20000170                PWM_initVar
 *fill*         0x20000171        0x3 
 .bss           0x20000174        0x8 .\CortexM0p\ARM_GCC_493\Debug\CE211252_Ambient_Light_Sensing.a(RefBuffer.o)
                0x20000178                RefBuffer_initVar
 .bss           0x2000017c        0x8 .\CortexM0p\ARM_GCC_493\Debug\CE211252_Ambient_Light_Sensing.a(I2C_1.o)
                0x2000017c                I2C_1_initVar
                0x20000180                I2C_1_customIntrHandler
 *(COMMON)
 COMMON         0x20000184       0x12 .\CortexM0p\ARM_GCC_493\Debug\CE211252_Ambient_Light_Sensing.a(EZI2C_EZI2C.o)
                0x20000184                EZI2C_offsetBuf1
                0x20000186                EZI2C_indexBuf1
                0x20000188                EZI2C_fsmState
                0x2000018a                EZI2C_protectBuf1
                0x2000018c                EZI2C_curStatus
                0x20000190                EZI2C_dataBuffer1
                0x20000194                EZI2C_bufSizeBuf1
 *fill*         0x20000196        0x2 
 COMMON         0x20000198        0x6 .\CortexM0p\ARM_GCC_493\Debug\CE211252_Ambient_Light_Sensing.a(ADC.o)
                0x20000198                ADC_countsPer10Volt
                0x2000019c                ADC_offset
 COMMON         0x2000019e        0x1 .\CortexM0p\ARM_GCC_493\Debug\CE211252_Ambient_Light_Sensing.a(I2C_1_I2C.o)
                0x2000019e                I2C_1_state
 *fill*         0x2000019f        0x1 
 COMMON         0x200001a0       0x20 .\CortexM0p\ARM_GCC_493\Debug\CE211252_Ambient_Light_Sensing.a(I2C_1_I2C_MASTER.o)
                0x200001a0                I2C_1_mstrWrBufIndexTmp
                0x200001a4                I2C_1_mstrWrBufIndex
                0x200001a8                I2C_1_mstrControl
                0x200001aa                I2C_1_mstrStatus
                0x200001ac                I2C_1_mstrWrBufSize
                0x200001b0                I2C_1_mstrRdBufIndex
                0x200001b4                I2C_1_mstrWrBufPtr
                0x200001b8                I2C_1_mstrRdBufPtr
                0x200001bc                I2C_1_mstrRdBufSize
                0x200001c0                . = ALIGN (0x8)
 *(.ram.b)
                0x200001c0                _end = .
                0x200001c0                __end = .
                0x200001c0                PROVIDE (end, .)
                0x200001c0                PROVIDE (__bss_end__, .)
                0x00001988                __cy_region_init_ram = LOADADDR (.data)
                0x00000080                __cy_region_init_size_ram = (_edata - ADDR (.data))
                0x00000090                __cy_region_zero_size_ram = (_end - _edata)

.heap           0x200001c0       0x80 load address 0x00001a08
                0x200001c0                . = _end
                0x20000240                . = (. + 0x80)
 *fill*         0x200001c0       0x80 
                0x20000240                __cy_heap_limit = .

.stack          0x20000800      0x800
                0x20000800                __cy_stack_limit = .
                0x20001000                . = (. + 0x800)
 *fill*         0x20000800      0x800 
                0x00000001                ASSERT ((__cy_stack_limit >= __cy_heap_limit), region RAM overflowed with stack)
                0x00000000                cy_checksum_exclude_size = (CY_APPL_LOADABLE == 0x1)?SIZEOF (.cy_checksum_exclude):0x0
                0x00000001                ASSERT ((cy_checksum_exclude_size <= CY_CHECKSUM_EXCLUDE_SIZE), CY_BOOT: Section .cy_checksum_exclude size exceedes specified limit.)
                0x00007fc0                cyloadermeta_start = (cy_project_type_bootloader || cy_project_type_app_for_stack_and_copier)?(0x8000 - CY_METADATA_SIZE):0xf0000000

.cyloadermeta
 *(.cyloadermeta)
                0x00007fc0                cyloadablemeta_start = cy_project_type_app_for_stack_and_copier?((0x8000 - CY_FLASH_ROW_SIZE) - CY_METADATA_SIZE):((0x8000 - (CY_FLASH_ROW_SIZE * (CY_APPL_NUM - 0x1))) - CY_METADATA_SIZE)

.cyloadablemeta
 *(.cyloadablemeta)

.cyflashprotect
                0x90400000       0x20
 *(.cyflashprotect)
 .cyflashprotect
                0x90400000       0x20 .\CortexM0p\ARM_GCC_493\Debug\cymetadata.o
                0x90400000                cy_meta_flashprotect

.cymeta         0x90500000        0xc
 *(.cymeta)
 .cymeta        0x90500000        0xc .\CortexM0p\ARM_GCC_493\Debug\cymetadata.o
                0x90500000                cy_metadata

.cychipprotect  0x90600000        0x4
 *(.cychipprotect)
 .cychipprotect
                0x90600000        0x4 .\CortexM0p\ARM_GCC_493\Debug\cymetadata.o
                0x90600000                cy_meta_chipprotect

.rel.dyn        0x00001a08        0x0 load address 0x90600004
 .rel.iplt      0x00000000        0x0 c:/program files (x86)/cypress/psoc creator/4.0/psoc creator/import/gnu/arm/4.9.3/bin/../lib/gcc/arm-none-eabi/4.9.3/armv6-m/crtbegin.o

.stab
 *(.stab)

.stabstr
 *(.stabstr)

.debug
 *(.debug)

.line
 *(.line)

.debug_srcinfo
 *(.debug_srcinfo)

.debug_sfnames
 *(.debug_sfnames)

.debug_aranges  0x00000000      0xad0
 *(.debug_aranges)
 .debug_aranges
                0x00000000       0x28 .\CortexM0p\ARM_GCC_493\Debug\main.o
 .debug_aranges
                0x00000028       0x18 .\CortexM0p\ARM_GCC_493\Debug\cymetadata.o
 .debug_aranges
                0x00000040       0x48 .\CortexM0p\ARM_GCC_493\Debug\Cm0plusStart.o
 .debug_aranges
                0x00000088       0x38 .\CortexM0p\ARM_GCC_493\Debug\CE211252_Ambient_Light_Sensing.a(cyfitter_cfg.o)
 .debug_aranges
                0x000000c0       0x60 .\CortexM0p\ARM_GCC_493\Debug\CE211252_Ambient_Light_Sensing.a(EZI2C.o)
 .debug_aranges
                0x00000120       0x50 .\CortexM0p\ARM_GCC_493\Debug\CE211252_Ambient_Light_Sensing.a(EZI2C_EZI2C.o)
 .debug_aranges
                0x00000170       0x20 .\CortexM0p\ARM_GCC_493\Debug\CE211252_Ambient_Light_Sensing.a(EZI2C_EZI2C_INT.o)
 .debug_aranges
                0x00000190       0xe8 .\CortexM0p\ARM_GCC_493\Debug\CE211252_Ambient_Light_Sensing.a(ADC.o)
 .debug_aranges
                0x00000278       0x18 .\CortexM0p\ARM_GCC_493\Debug\CE211252_Ambient_Light_Sensing.a(ADC_INIT.o)
 .debug_aranges
                0x00000290       0x20 .\CortexM0p\ARM_GCC_493\Debug\CE211252_Ambient_Light_Sensing.a(ADC_INT.o)
 .debug_aranges
                0x000002b0       0x48 .\CortexM0p\ARM_GCC_493\Debug\CE211252_Ambient_Light_Sensing.a(PVref.o)
 .debug_aranges
                0x000002f8       0x48 .\CortexM0p\ARM_GCC_493\Debug\CE211252_Ambient_Light_Sensing.a(Opamp_TIA.o)
 .debug_aranges
                0x00000340      0x158 .\CortexM0p\ARM_GCC_493\Debug\CE211252_Ambient_Light_Sensing.a(PWM.o)
 .debug_aranges
                0x00000498       0x48 .\CortexM0p\ARM_GCC_493\Debug\CE211252_Ambient_Light_Sensing.a(RefBuffer.o)
 .debug_aranges
                0x000004e0       0x40 .\CortexM0p\ARM_GCC_493\Debug\CE211252_Ambient_Light_Sensing.a(ADC_intSarClock.o)
 .debug_aranges
                0x00000520       0x80 .\CortexM0p\ARM_GCC_493\Debug\CE211252_Ambient_Light_Sensing.a(ADC_IRQ.o)
 .debug_aranges
                0x000005a0      0x1f8 .\CortexM0p\ARM_GCC_493\Debug\CE211252_Ambient_Light_Sensing.a(CyLib.o)
 .debug_aranges
                0x00000798      0x1a8 .\CortexM0p\ARM_GCC_493\Debug\CE211252_Ambient_Light_Sensing.a(CyLFClk.o)
 .debug_aranges
                0x00000940       0x60 .\CortexM0p\ARM_GCC_493\Debug\CE211252_Ambient_Light_Sensing.a(I2C_1.o)
 .debug_aranges
                0x000009a0       0x28 .\CortexM0p\ARM_GCC_493\Debug\CE211252_Ambient_Light_Sensing.a(I2C_1_I2C.o)
 .debug_aranges
                0x000009c8       0x88 .\CortexM0p\ARM_GCC_493\Debug\CE211252_Ambient_Light_Sensing.a(I2C_1_I2C_MASTER.o)
 .debug_aranges
                0x00000a50       0x20 .\CortexM0p\ARM_GCC_493\Debug\CE211252_Ambient_Light_Sensing.a(CyBootAsmGnu.o)
 .debug_aranges
                0x00000a70       0x40 .\CortexM0p\ARM_GCC_493\Debug\CE211252_Ambient_Light_Sensing.a(CyFlash.o)
 .debug_aranges
                0x00000ab0       0x20 .\CortexM0p\ARM_GCC_493\Debug\CE211252_Ambient_Light_Sensing.a(I2C_1_I2C_INT.o)

.debug_pubnames
 *(.debug_pubnames)

.debug_info     0x00000000     0x5a3c
 *(.debug_info .gnu.linkonce.wi.*)
 .debug_info    0x00000000      0x3a8 .\CortexM0p\ARM_GCC_493\Debug\main.o
 .debug_info    0x000003a8       0xfe .\CortexM0p\ARM_GCC_493\Debug\cymetadata.o
 .debug_info    0x000004a6      0x399 .\CortexM0p\ARM_GCC_493\Debug\Cm0plusStart.o
 .debug_info    0x0000083f      0x188 .\CortexM0p\ARM_GCC_493\Debug\CE211252_Ambient_Light_Sensing.a(cyfitter_cfg.o)
 .debug_info    0x000009c7      0x297 .\CortexM0p\ARM_GCC_493\Debug\CE211252_Ambient_Light_Sensing.a(EZI2C.o)
 .debug_info    0x00000c5e      0x347 .\CortexM0p\ARM_GCC_493\Debug\CE211252_Ambient_Light_Sensing.a(EZI2C_EZI2C.o)
 .debug_info    0x00000fa5      0x1df .\CortexM0p\ARM_GCC_493\Debug\CE211252_Ambient_Light_Sensing.a(EZI2C_EZI2C_INT.o)
 .debug_info    0x00001184      0x9fd .\CortexM0p\ARM_GCC_493\Debug\CE211252_Ambient_Light_Sensing.a(ADC.o)
 .debug_info    0x00001b81      0x186 .\CortexM0p\ARM_GCC_493\Debug\CE211252_Ambient_Light_Sensing.a(ADC_INIT.o)
 .debug_info    0x00001d07       0xc4 .\CortexM0p\ARM_GCC_493\Debug\CE211252_Ambient_Light_Sensing.a(ADC_INT.o)
 .debug_info    0x00001dcb      0x15e .\CortexM0p\ARM_GCC_493\Debug\CE211252_Ambient_Light_Sensing.a(PVref.o)
 .debug_info    0x00001f29      0x17c .\CortexM0p\ARM_GCC_493\Debug\CE211252_Ambient_Light_Sensing.a(Opamp_TIA.o)
 .debug_info    0x000020a5      0x906 .\CortexM0p\ARM_GCC_493\Debug\CE211252_Ambient_Light_Sensing.a(PWM.o)
 .debug_info    0x000029ab      0x17c .\CortexM0p\ARM_GCC_493\Debug\CE211252_Ambient_Light_Sensing.a(RefBuffer.o)
 .debug_info    0x00002b27      0x166 .\CortexM0p\ARM_GCC_493\Debug\CE211252_Ambient_Light_Sensing.a(ADC_intSarClock.o)
 .debug_info    0x00002c8d      0x300 .\CortexM0p\ARM_GCC_493\Debug\CE211252_Ambient_Light_Sensing.a(ADC_IRQ.o)
 .debug_info    0x00002f8d      0xe21 .\CortexM0p\ARM_GCC_493\Debug\CE211252_Ambient_Light_Sensing.a(CyLib.o)
 .debug_info    0x00003dae      0xd04 .\CortexM0p\ARM_GCC_493\Debug\CE211252_Ambient_Light_Sensing.a(CyLFClk.o)
 .debug_info    0x00004ab2      0x297 .\CortexM0p\ARM_GCC_493\Debug\CE211252_Ambient_Light_Sensing.a(I2C_1.o)
 .debug_info    0x00004d49      0x1ab .\CortexM0p\ARM_GCC_493\Debug\CE211252_Ambient_Light_Sensing.a(I2C_1_I2C.o)
 .debug_info    0x00004ef4      0x5a3 .\CortexM0p\ARM_GCC_493\Debug\CE211252_Ambient_Light_Sensing.a(I2C_1_I2C_MASTER.o)
 .debug_info    0x00005497       0xb7 .\CortexM0p\ARM_GCC_493\Debug\CE211252_Ambient_Light_Sensing.a(CyBootAsmGnu.o)
 .debug_info    0x0000554e      0x361 .\CortexM0p\ARM_GCC_493\Debug\CE211252_Ambient_Light_Sensing.a(CyFlash.o)
 .debug_info    0x000058af      0x18d .\CortexM0p\ARM_GCC_493\Debug\CE211252_Ambient_Light_Sensing.a(I2C_1_I2C_INT.o)

.debug_abbrev   0x00000000     0x1bba
 *(.debug_abbrev)
 .debug_abbrev  0x00000000      0x187 .\CortexM0p\ARM_GCC_493\Debug\main.o
 .debug_abbrev  0x00000187       0x5d .\CortexM0p\ARM_GCC_493\Debug\cymetadata.o
 .debug_abbrev  0x000001e4      0x1df .\CortexM0p\ARM_GCC_493\Debug\Cm0plusStart.o
 .debug_abbrev  0x000003c3      0x102 .\CortexM0p\ARM_GCC_493\Debug\CE211252_Ambient_Light_Sensing.a(cyfitter_cfg.o)
 .debug_abbrev  0x000004c5      0x143 .\CortexM0p\ARM_GCC_493\Debug\CE211252_Ambient_Light_Sensing.a(EZI2C.o)
 .debug_abbrev  0x00000608      0x170 .\CortexM0p\ARM_GCC_493\Debug\CE211252_Ambient_Light_Sensing.a(EZI2C_EZI2C.o)
 .debug_abbrev  0x00000778       0xc6 .\CortexM0p\ARM_GCC_493\Debug\CE211252_Ambient_Light_Sensing.a(EZI2C_EZI2C_INT.o)
 .debug_abbrev  0x0000083e      0x235 .\CortexM0p\ARM_GCC_493\Debug\CE211252_Ambient_Light_Sensing.a(ADC.o)
 .debug_abbrev  0x00000a73       0x86 .\CortexM0p\ARM_GCC_493\Debug\CE211252_Ambient_Light_Sensing.a(ADC_INIT.o)
 .debug_abbrev  0x00000af9       0x65 .\CortexM0p\ARM_GCC_493\Debug\CE211252_Ambient_Light_Sensing.a(ADC_INT.o)
 .debug_abbrev  0x00000b5e       0xaa .\CortexM0p\ARM_GCC_493\Debug\CE211252_Ambient_Light_Sensing.a(PVref.o)
 .debug_abbrev  0x00000c08       0xc8 .\CortexM0p\ARM_GCC_493\Debug\CE211252_Ambient_Light_Sensing.a(Opamp_TIA.o)
 .debug_abbrev  0x00000cd0      0x133 .\CortexM0p\ARM_GCC_493\Debug\CE211252_Ambient_Light_Sensing.a(PWM.o)
 .debug_abbrev  0x00000e03       0xc8 .\CortexM0p\ARM_GCC_493\Debug\CE211252_Ambient_Light_Sensing.a(RefBuffer.o)
 .debug_abbrev  0x00000ecb       0xb7 .\CortexM0p\ARM_GCC_493\Debug\CE211252_Ambient_Light_Sensing.a(ADC_intSarClock.o)
 .debug_abbrev  0x00000f82      0x1b4 .\CortexM0p\ARM_GCC_493\Debug\CE211252_Ambient_Light_Sensing.a(ADC_IRQ.o)
 .debug_abbrev  0x00001136      0x236 .\CortexM0p\ARM_GCC_493\Debug\CE211252_Ambient_Light_Sensing.a(CyLib.o)
 .debug_abbrev  0x0000136c      0x232 .\CortexM0p\ARM_GCC_493\Debug\CE211252_Ambient_Light_Sensing.a(CyLFClk.o)
 .debug_abbrev  0x0000159e      0x143 .\CortexM0p\ARM_GCC_493\Debug\CE211252_Ambient_Light_Sensing.a(I2C_1.o)
 .debug_abbrev  0x000016e1       0xf3 .\CortexM0p\ARM_GCC_493\Debug\CE211252_Ambient_Light_Sensing.a(I2C_1_I2C.o)
 .debug_abbrev  0x000017d4      0x189 .\CortexM0p\ARM_GCC_493\Debug\CE211252_Ambient_Light_Sensing.a(I2C_1_I2C_MASTER.o)
 .debug_abbrev  0x0000195d       0x14 .\CortexM0p\ARM_GCC_493\Debug\CE211252_Ambient_Light_Sensing.a(CyBootAsmGnu.o)
 .debug_abbrev  0x00001971      0x1c1 .\CortexM0p\ARM_GCC_493\Debug\CE211252_Ambient_Light_Sensing.a(CyFlash.o)
 .debug_abbrev  0x00001b32       0x88 .\CortexM0p\ARM_GCC_493\Debug\CE211252_Ambient_Light_Sensing.a(I2C_1_I2C_INT.o)

.debug_line     0x00000000     0x277a
 *(.debug_line)
 .debug_line    0x00000000      0x11d .\CortexM0p\ARM_GCC_493\Debug\main.o
 .debug_line    0x0000011d       0x51 .\CortexM0p\ARM_GCC_493\Debug\cymetadata.o
 .debug_line    0x0000016e      0x260 .\CortexM0p\ARM_GCC_493\Debug\Cm0plusStart.o
 .debug_line    0x000003ce       0xdd .\CortexM0p\ARM_GCC_493\Debug\CE211252_Ambient_Light_Sensing.a(cyfitter_cfg.o)
 .debug_line    0x000004ab      0x128 .\CortexM0p\ARM_GCC_493\Debug\CE211252_Ambient_Light_Sensing.a(EZI2C.o)
 .debug_line    0x000005d3      0x103 .\CortexM0p\ARM_GCC_493\Debug\CE211252_Ambient_Light_Sensing.a(EZI2C_EZI2C.o)
 .debug_line    0x000006d6      0x137 .\CortexM0p\ARM_GCC_493\Debug\CE211252_Ambient_Light_Sensing.a(EZI2C_EZI2C_INT.o)
 .debug_line    0x0000080d      0x398 .\CortexM0p\ARM_GCC_493\Debug\CE211252_Ambient_Light_Sensing.a(ADC.o)
 .debug_line    0x00000ba5       0x58 .\CortexM0p\ARM_GCC_493\Debug\CE211252_Ambient_Light_Sensing.a(ADC_INIT.o)
 .debug_line    0x00000bfd       0x62 .\CortexM0p\ARM_GCC_493\Debug\CE211252_Ambient_Light_Sensing.a(ADC_INT.o)
 .debug_line    0x00000c5f       0xbf .\CortexM0p\ARM_GCC_493\Debug\CE211252_Ambient_Light_Sensing.a(PVref.o)
 .debug_line    0x00000d1e       0xc5 .\CortexM0p\ARM_GCC_493\Debug\CE211252_Ambient_Light_Sensing.a(Opamp_TIA.o)
 .debug_line    0x00000de3      0x37c .\CortexM0p\ARM_GCC_493\Debug\CE211252_Ambient_Light_Sensing.a(PWM.o)
 .debug_line    0x0000115f       0xc5 .\CortexM0p\ARM_GCC_493\Debug\CE211252_Ambient_Light_Sensing.a(RefBuffer.o)
 .debug_line    0x00001224       0xc4 .\CortexM0p\ARM_GCC_493\Debug\CE211252_Ambient_Light_Sensing.a(ADC_intSarClock.o)
 .debug_line    0x000012e8      0x153 .\CortexM0p\ARM_GCC_493\Debug\CE211252_Ambient_Light_Sensing.a(ADC_IRQ.o)
 .debug_line    0x0000143b      0x5ca .\CortexM0p\ARM_GCC_493\Debug\CE211252_Ambient_Light_Sensing.a(CyLib.o)
 .debug_line    0x00001a05      0x5c1 .\CortexM0p\ARM_GCC_493\Debug\CE211252_Ambient_Light_Sensing.a(CyLFClk.o)
 .debug_line    0x00001fc6      0x128 .\CortexM0p\ARM_GCC_493\Debug\CE211252_Ambient_Light_Sensing.a(I2C_1.o)
 .debug_line    0x000020ee       0xa9 .\CortexM0p\ARM_GCC_493\Debug\CE211252_Ambient_Light_Sensing.a(I2C_1_I2C.o)
 .debug_line    0x00002197      0x299 .\CortexM0p\ARM_GCC_493\Debug\CE211252_Ambient_Light_Sensing.a(I2C_1_I2C_MASTER.o)
 .debug_line    0x00002430       0x68 .\CortexM0p\ARM_GCC_493\Debug\CE211252_Ambient_Light_Sensing.a(CyBootAsmGnu.o)
 .debug_line    0x00002498      0x17c .\CortexM0p\ARM_GCC_493\Debug\CE211252_Ambient_Light_Sensing.a(CyFlash.o)
 .debug_line    0x00002614      0x166 .\CortexM0p\ARM_GCC_493\Debug\CE211252_Ambient_Light_Sensing.a(I2C_1_I2C_INT.o)

.debug_frame    0x00000000     0x1bc8
 *(.debug_frame)
 .debug_frame   0x00000000       0x54 .\CortexM0p\ARM_GCC_493\Debug\main.o
 .debug_frame   0x00000054       0xbc .\CortexM0p\ARM_GCC_493\Debug\Cm0plusStart.o
 .debug_frame   0x00000110       0x74 .\CortexM0p\ARM_GCC_493\Debug\CE211252_Ambient_Light_Sensing.a(cyfitter_cfg.o)
 .debug_frame   0x00000184       0xe8 .\CortexM0p\ARM_GCC_493\Debug\CE211252_Ambient_Light_Sensing.a(EZI2C.o)
 .debug_frame   0x0000026c       0xa8 .\CortexM0p\ARM_GCC_493\Debug\CE211252_Ambient_Light_Sensing.a(EZI2C_EZI2C.o)
 .debug_frame   0x00000314       0x30 .\CortexM0p\ARM_GCC_493\Debug\CE211252_Ambient_Light_Sensing.a(EZI2C_EZI2C_INT.o)
 .debug_frame   0x00000344      0x290 .\CortexM0p\ARM_GCC_493\Debug\CE211252_Ambient_Light_Sensing.a(ADC.o)
 .debug_frame   0x000005d4       0x20 .\CortexM0p\ARM_GCC_493\Debug\CE211252_Ambient_Light_Sensing.a(ADC_INT.o)
 .debug_frame   0x000005f4       0x7c .\CortexM0p\ARM_GCC_493\Debug\CE211252_Ambient_Light_Sensing.a(PVref.o)
 .debug_frame   0x00000670       0x7c .\CortexM0p\ARM_GCC_493\Debug\CE211252_Ambient_Light_Sensing.a(Opamp_TIA.o)
 .debug_frame   0x000006ec      0x394 .\CortexM0p\ARM_GCC_493\Debug\CE211252_Ambient_Light_Sensing.a(PWM.o)
 .debug_frame   0x00000a80       0x7c .\CortexM0p\ARM_GCC_493\Debug\CE211252_Ambient_Light_Sensing.a(RefBuffer.o)
 .debug_frame   0x00000afc       0x6c .\CortexM0p\ARM_GCC_493\Debug\CE211252_Ambient_Light_Sensing.a(ADC_intSarClock.o)
 .debug_frame   0x00000b68      0x110 .\CortexM0p\ARM_GCC_493\Debug\CE211252_Ambient_Light_Sensing.a(ADC_IRQ.o)
 .debug_frame   0x00000c78      0x4ec .\CortexM0p\ARM_GCC_493\Debug\CE211252_Ambient_Light_Sensing.a(CyLib.o)
 .debug_frame   0x00001164      0x484 .\CortexM0p\ARM_GCC_493\Debug\CE211252_Ambient_Light_Sensing.a(CyLFClk.o)
 .debug_frame   0x000015e8       0xe8 .\CortexM0p\ARM_GCC_493\Debug\CE211252_Ambient_Light_Sensing.a(I2C_1.o)
 .debug_frame   0x000016d0       0x3c .\CortexM0p\ARM_GCC_493\Debug\CE211252_Ambient_Light_Sensing.a(I2C_1_I2C.o)
 .debug_frame   0x0000170c      0x16c .\CortexM0p\ARM_GCC_493\Debug\CE211252_Ambient_Light_Sensing.a(I2C_1_I2C_MASTER.o)
 .debug_frame   0x00001878       0x88 .\CortexM0p\ARM_GCC_493\Debug\CE211252_Ambient_Light_Sensing.a(CyFlash.o)
 .debug_frame   0x00001900       0x2c .\CortexM0p\ARM_GCC_493\Debug\CE211252_Ambient_Light_Sensing.a(I2C_1_I2C_INT.o)
 .debug_frame   0x0000192c       0x20 c:/program files (x86)/cypress/psoc creator/4.0/psoc creator/import/gnu/arm/4.9.3/bin/../lib/gcc/arm-none-eabi/4.9.3/armv6-m\libgcc.a(_udivsi3.o)
 .debug_frame   0x0000194c       0x20 c:/program files (x86)/cypress/psoc creator/4.0/psoc creator/import/gnu/arm/4.9.3/bin/../lib/gcc/arm-none-eabi/4.9.3/armv6-m\libgcc.a(_divsi3.o)
 .debug_frame   0x0000196c       0x34 c:/program files (x86)/cypress/psoc creator/4.0/psoc creator/import/gnu/arm/4.9.3/bin/../lib/gcc/arm-none-eabi/4.9.3/armv6-m\libgcc.a(_muldi3.o)
 .debug_frame   0x000019a0       0x50 c:/program files (x86)/cypress/psoc creator/4.0/psoc creator/import/gnu/arm/4.9.3/bin/../lib/gcc/arm-none-eabi/4.9.3/armv6-m\libgcc.a(bpabi.o)
 .debug_frame   0x000019f0       0x3c c:/program files (x86)/cypress/psoc creator/4.0/psoc creator/import/gnu/arm/4.9.3/bin/../lib/gcc/arm-none-eabi/4.9.3/armv6-m\libgcc.a(divsf3.o)
 .debug_frame   0x00001a2c       0x3c c:/program files (x86)/cypress/psoc creator/4.0/psoc creator/import/gnu/arm/4.9.3/bin/../lib/gcc/arm-none-eabi/4.9.3/armv6-m\libgcc.a(mulsf3.o)
 .debug_frame   0x00001a68       0x2c c:/program files (x86)/cypress/psoc creator/4.0/psoc creator/import/gnu/arm/4.9.3/bin/../lib/gcc/arm-none-eabi/4.9.3/armv6-m\libgcc.a(floatsisf.o)
 .debug_frame   0x00001a94       0x3c c:/program files (x86)/cypress/psoc creator/4.0/psoc creator/import/gnu/arm/4.9.3/bin/../lib/gcc/arm-none-eabi/4.9.3/armv6-m\libgcc.a(_divdi3.o)
 .debug_frame   0x00001ad0       0x3c c:/program files (x86)/cypress/psoc creator/4.0/psoc creator/import/gnu/arm/4.9.3/bin/../lib/gcc/arm-none-eabi/4.9.3/armv6-m\libgcc.a(_udivdi3.o)
 .debug_frame   0x00001b0c       0x20 c:/program files (x86)/cypress/psoc creator/4.0/psoc creator/import/gnu/arm/4.9.3/bin/../lib/gcc/arm-none-eabi/4.9.3/../../../../arm-none-eabi/lib/armv6-m\libg_nano.a(lib_a-errno.o)
 .debug_frame   0x00001b2c       0x28 c:/program files (x86)/cypress/psoc creator/4.0/psoc creator/import/gnu/arm/4.9.3/bin/../lib/gcc/arm-none-eabi/4.9.3/../../../../arm-none-eabi/lib/armv6-m\libg_nano.a(lib_a-exit.o)
 .debug_frame   0x00001b54       0x2c c:/program files (x86)/cypress/psoc creator/4.0/psoc creator/import/gnu/arm/4.9.3/bin/../lib/gcc/arm-none-eabi/4.9.3/../../../../arm-none-eabi/lib/armv6-m\libg_nano.a(lib_a-init.o)
 .debug_frame   0x00001b80       0x28 c:/program files (x86)/cypress/psoc creator/4.0/psoc creator/import/gnu/arm/4.9.3/bin/../lib/gcc/arm-none-eabi/4.9.3/../../../../arm-none-eabi/lib/armv6-m\libg_nano.a(lib_a-memcpy.o)
 .debug_frame   0x00001ba8       0x20 c:/program files (x86)/cypress/psoc creator/4.0/psoc creator/import/gnu/arm/4.9.3/bin/../lib/gcc/arm-none-eabi/4.9.3/../../../../arm-none-eabi/lib/armv6-m\libg_nano.a(lib_a-memset.o)

.debug_str      0x00000000     0x256c
 *(.debug_str)
 .debug_str     0x00000000      0x338 .\CortexM0p\ARM_GCC_493\Debug\main.o
                                0x37d (size before relaxing)
 .debug_str     0x00000338       0x59 .\CortexM0p\ARM_GCC_493\Debug\cymetadata.o
                                0x1f9 (size before relaxing)
 .debug_str     0x00000391      0x168 .\CortexM0p\ARM_GCC_493\Debug\Cm0plusStart.o
                                0x32e (size before relaxing)
 .debug_str     0x000004f9       0x9b .\CortexM0p\ARM_GCC_493\Debug\CE211252_Ambient_Light_Sensing.a(cyfitter_cfg.o)
                                0x24f (size before relaxing)
 .debug_str     0x00000594      0x144 .\CortexM0p\ARM_GCC_493\Debug\CE211252_Ambient_Light_Sensing.a(EZI2C.o)
                                0x2fd (size before relaxing)
 .debug_str     0x000006d8      0x12e .\CortexM0p\ARM_GCC_493\Debug\CE211252_Ambient_Light_Sensing.a(EZI2C_EZI2C.o)
                                0x364 (size before relaxing)
 .debug_str     0x00000806       0x97 .\CortexM0p\ARM_GCC_493\Debug\CE211252_Ambient_Light_Sensing.a(EZI2C_EZI2C_INT.o)
                                0x2ed (size before relaxing)
 .debug_str     0x0000089d      0x3ff .\CortexM0p\ARM_GCC_493\Debug\CE211252_Ambient_Light_Sensing.a(ADC.o)
                                0x64b (size before relaxing)
 .debug_str     0x00000c9c       0x22 .\CortexM0p\ARM_GCC_493\Debug\CE211252_Ambient_Light_Sensing.a(ADC_INIT.o)
                                0x289 (size before relaxing)
 .debug_str     0x00000cbe       0x35 .\CortexM0p\ARM_GCC_493\Debug\CE211252_Ambient_Light_Sensing.a(ADC_INT.o)
                                0x1dc (size before relaxing)
 .debug_str     0x00000cf3       0x76 .\CortexM0p\ARM_GCC_493\Debug\CE211252_Ambient_Light_Sensing.a(PVref.o)
                                0x233 (size before relaxing)
 .debug_str     0x00000d69       0xb1 .\CortexM0p\ARM_GCC_493\Debug\CE211252_Ambient_Light_Sensing.a(Opamp_TIA.o)
                                0x265 (size before relaxing)
 .debug_str     0x00000e1a      0x377 .\CortexM0p\ARM_GCC_493\Debug\CE211252_Ambient_Light_Sensing.a(PWM.o)
                                0x57c (size before relaxing)
 .debug_str     0x00001191       0xa5 .\CortexM0p\ARM_GCC_493\Debug\CE211252_Ambient_Light_Sensing.a(RefBuffer.o)
                                0x265 (size before relaxing)
 .debug_str     0x00001236       0xcf .\CortexM0p\ARM_GCC_493\Debug\CE211252_Ambient_Light_Sensing.a(ADC_intSarClock.o)
                                0x2b2 (size before relaxing)
 .debug_str     0x00001305      0x10a .\CortexM0p\ARM_GCC_493\Debug\CE211252_Ambient_Light_Sensing.a(ADC_IRQ.o)
                                0x325 (size before relaxing)
 .debug_str     0x0000140f      0x651 .\CortexM0p\ARM_GCC_493\Debug\CE211252_Ambient_Light_Sensing.a(CyLib.o)
                                0x8ec (size before relaxing)
 .debug_str     0x00001a60      0x63d .\CortexM0p\ARM_GCC_493\Debug\CE211252_Ambient_Light_Sensing.a(CyLFClk.o)
                                0x8b8 (size before relaxing)
 .debug_str     0x0000209d       0xf4 .\CortexM0p\ARM_GCC_493\Debug\CE211252_Ambient_Light_Sensing.a(I2C_1.o)
                                0x2f9 (size before relaxing)
 .debug_str     0x00002191       0x6a .\CortexM0p\ARM_GCC_493\Debug\CE211252_Ambient_Light_Sensing.a(I2C_1_I2C.o)
                                0x274 (size before relaxing)
 .debug_str     0x000021fb      0x226 .\CortexM0p\ARM_GCC_493\Debug\CE211252_Ambient_Light_Sensing.a(I2C_1_I2C_MASTER.o)
                                0x474 (size before relaxing)
 .debug_str     0x00002421      0x10c .\CortexM0p\ARM_GCC_493\Debug\CE211252_Ambient_Light_Sensing.a(CyFlash.o)
                                0x329 (size before relaxing)
 .debug_str     0x0000252d       0x3f .\CortexM0p\ARM_GCC_493\Debug\CE211252_Ambient_Light_Sensing.a(I2C_1_I2C_INT.o)
                                0x2e3 (size before relaxing)

.debug_loc      0x00000000     0x31df
 *(.debug_loc)
 .debug_loc     0x00000000       0xbe .\CortexM0p\ARM_GCC_493\Debug\main.o
 .debug_loc     0x000000be      0x14f .\CortexM0p\ARM_GCC_493\Debug\Cm0plusStart.o
 .debug_loc     0x0000020d       0x1e .\CortexM0p\ARM_GCC_493\Debug\CE211252_Ambient_Light_Sensing.a(cyfitter_cfg.o)
 .debug_loc     0x0000022b       0x7e .\CortexM0p\ARM_GCC_493\Debug\CE211252_Ambient_Light_Sensing.a(EZI2C.o)
 .debug_loc     0x000002a9       0xe1 .\CortexM0p\ARM_GCC_493\Debug\CE211252_Ambient_Light_Sensing.a(EZI2C_EZI2C.o)
 .debug_loc     0x0000038a      0x132 .\CortexM0p\ARM_GCC_493\Debug\CE211252_Ambient_Light_Sensing.a(EZI2C_EZI2C_INT.o)
 .debug_loc     0x000004bc      0x832 .\CortexM0p\ARM_GCC_493\Debug\CE211252_Ambient_Light_Sensing.a(ADC.o)
 .debug_loc     0x00000cee       0x21 .\CortexM0p\ARM_GCC_493\Debug\CE211252_Ambient_Light_Sensing.a(PVref.o)
 .debug_loc     0x00000d0f       0x21 .\CortexM0p\ARM_GCC_493\Debug\CE211252_Ambient_Light_Sensing.a(Opamp_TIA.o)
 .debug_loc     0x00000d30      0x547 .\CortexM0p\ARM_GCC_493\Debug\CE211252_Ambient_Light_Sensing.a(PWM.o)
 .debug_loc     0x00001277       0x21 .\CortexM0p\ARM_GCC_493\Debug\CE211252_Ambient_Light_Sensing.a(RefBuffer.o)
 .debug_loc     0x00001298       0x76 .\CortexM0p\ARM_GCC_493\Debug\CE211252_Ambient_Light_Sensing.a(ADC_intSarClock.o)
 .debug_loc     0x0000130e       0x82 .\CortexM0p\ARM_GCC_493\Debug\CE211252_Ambient_Light_Sensing.a(ADC_IRQ.o)
 .debug_loc     0x00001390      0x872 .\CortexM0p\ARM_GCC_493\Debug\CE211252_Ambient_Light_Sensing.a(CyLib.o)
 .debug_loc     0x00001c02      0xa81 .\CortexM0p\ARM_GCC_493\Debug\CE211252_Ambient_Light_Sensing.a(CyLFClk.o)
 .debug_loc     0x00002683       0x7e .\CortexM0p\ARM_GCC_493\Debug\CE211252_Ambient_Light_Sensing.a(I2C_1.o)
 .debug_loc     0x00002701      0x88e .\CortexM0p\ARM_GCC_493\Debug\CE211252_Ambient_Light_Sensing.a(I2C_1_I2C_MASTER.o)
 .debug_loc     0x00002f8f      0x144 .\CortexM0p\ARM_GCC_493\Debug\CE211252_Ambient_Light_Sensing.a(CyFlash.o)
 .debug_loc     0x000030d3      0x10c .\CortexM0p\ARM_GCC_493\Debug\CE211252_Ambient_Light_Sensing.a(I2C_1_I2C_INT.o)

.debug_macinfo
 *(.debug_macinfo)

.debug_ranges   0x00000000      0x930
 *(.debug_ranges)
 .debug_ranges  0x00000000       0x18 .\CortexM0p\ARM_GCC_493\Debug\main.o
 .debug_ranges  0x00000018       0x38 .\CortexM0p\ARM_GCC_493\Debug\Cm0plusStart.o
 .debug_ranges  0x00000050       0x28 .\CortexM0p\ARM_GCC_493\Debug\CE211252_Ambient_Light_Sensing.a(cyfitter_cfg.o)
 .debug_ranges  0x00000078       0x50 .\CortexM0p\ARM_GCC_493\Debug\CE211252_Ambient_Light_Sensing.a(EZI2C.o)
 .debug_ranges  0x000000c8       0x40 .\CortexM0p\ARM_GCC_493\Debug\CE211252_Ambient_Light_Sensing.a(EZI2C_EZI2C.o)
 .debug_ranges  0x00000108       0x10 .\CortexM0p\ARM_GCC_493\Debug\CE211252_Ambient_Light_Sensing.a(EZI2C_EZI2C_INT.o)
 .debug_ranges  0x00000118       0xd8 .\CortexM0p\ARM_GCC_493\Debug\CE211252_Ambient_Light_Sensing.a(ADC.o)
 .debug_ranges  0x000001f0       0x10 .\CortexM0p\ARM_GCC_493\Debug\CE211252_Ambient_Light_Sensing.a(ADC_INT.o)
 .debug_ranges  0x00000200       0x38 .\CortexM0p\ARM_GCC_493\Debug\CE211252_Ambient_Light_Sensing.a(PVref.o)
 .debug_ranges  0x00000238       0x38 .\CortexM0p\ARM_GCC_493\Debug\CE211252_Ambient_Light_Sensing.a(Opamp_TIA.o)
 .debug_ranges  0x00000270      0x148 .\CortexM0p\ARM_GCC_493\Debug\CE211252_Ambient_Light_Sensing.a(PWM.o)
 .debug_ranges  0x000003b8       0x38 .\CortexM0p\ARM_GCC_493\Debug\CE211252_Ambient_Light_Sensing.a(RefBuffer.o)
 .debug_ranges  0x000003f0       0x30 .\CortexM0p\ARM_GCC_493\Debug\CE211252_Ambient_Light_Sensing.a(ADC_intSarClock.o)
 .debug_ranges  0x00000420       0x70 .\CortexM0p\ARM_GCC_493\Debug\CE211252_Ambient_Light_Sensing.a(ADC_IRQ.o)
 .debug_ranges  0x00000490      0x1e8 .\CortexM0p\ARM_GCC_493\Debug\CE211252_Ambient_Light_Sensing.a(CyLib.o)
 .debug_ranges  0x00000678      0x198 .\CortexM0p\ARM_GCC_493\Debug\CE211252_Ambient_Light_Sensing.a(CyLFClk.o)
 .debug_ranges  0x00000810       0x50 .\CortexM0p\ARM_GCC_493\Debug\CE211252_Ambient_Light_Sensing.a(I2C_1.o)
 .debug_ranges  0x00000860       0x18 .\CortexM0p\ARM_GCC_493\Debug\CE211252_Ambient_Light_Sensing.a(I2C_1_I2C.o)
 .debug_ranges  0x00000878       0x78 .\CortexM0p\ARM_GCC_493\Debug\CE211252_Ambient_Light_Sensing.a(I2C_1_I2C_MASTER.o)
 .debug_ranges  0x000008f0       0x30 .\CortexM0p\ARM_GCC_493\Debug\CE211252_Ambient_Light_Sensing.a(CyFlash.o)
 .debug_ranges  0x00000920       0x10 .\CortexM0p\ARM_GCC_493\Debug\CE211252_Ambient_Light_Sensing.a(I2C_1_I2C_INT.o)

.comment        0x00000000       0x70
 .comment       0x00000000       0x70 .\CortexM0p\ARM_GCC_493\Debug\main.o
                                 0x71 (size before relaxing)
 .comment       0x00000000       0x71 .\CortexM0p\ARM_GCC_493\Debug\cymetadata.o
 .comment       0x00000000       0x71 .\CortexM0p\ARM_GCC_493\Debug\Cm0plusStart.o
 .comment       0x00000000       0x71 .\CortexM0p\ARM_GCC_493\Debug\CE211252_Ambient_Light_Sensing.a(cyfitter_cfg.o)
 .comment       0x00000000       0x71 .\CortexM0p\ARM_GCC_493\Debug\CE211252_Ambient_Light_Sensing.a(EZI2C.o)
 .comment       0x00000000       0x71 .\CortexM0p\ARM_GCC_493\Debug\CE211252_Ambient_Light_Sensing.a(EZI2C_EZI2C.o)
 .comment       0x00000000       0x71 .\CortexM0p\ARM_GCC_493\Debug\CE211252_Ambient_Light_Sensing.a(EZI2C_EZI2C_INT.o)
 .comment       0x00000000       0x71 .\CortexM0p\ARM_GCC_493\Debug\CE211252_Ambient_Light_Sensing.a(ADC.o)
 .comment       0x00000000       0x71 .\CortexM0p\ARM_GCC_493\Debug\CE211252_Ambient_Light_Sensing.a(ADC_INIT.o)
 .comment       0x00000000       0x71 .\CortexM0p\ARM_GCC_493\Debug\CE211252_Ambient_Light_Sensing.a(ADC_INT.o)
 .comment       0x00000000       0x71 .\CortexM0p\ARM_GCC_493\Debug\CE211252_Ambient_Light_Sensing.a(PVref.o)
 .comment       0x00000000       0x71 .\CortexM0p\ARM_GCC_493\Debug\CE211252_Ambient_Light_Sensing.a(Opamp_TIA.o)
 .comment       0x00000000       0x71 .\CortexM0p\ARM_GCC_493\Debug\CE211252_Ambient_Light_Sensing.a(PWM.o)
 .comment       0x00000000       0x71 .\CortexM0p\ARM_GCC_493\Debug\CE211252_Ambient_Light_Sensing.a(RefBuffer.o)
 .comment       0x00000000       0x71 .\CortexM0p\ARM_GCC_493\Debug\CE211252_Ambient_Light_Sensing.a(ADC_intSarClock.o)
 .comment       0x00000000       0x71 .\CortexM0p\ARM_GCC_493\Debug\CE211252_Ambient_Light_Sensing.a(ADC_IRQ.o)
 .comment       0x00000000       0x71 .\CortexM0p\ARM_GCC_493\Debug\CE211252_Ambient_Light_Sensing.a(CyLib.o)
 .comment       0x00000000       0x71 .\CortexM0p\ARM_GCC_493\Debug\CE211252_Ambient_Light_Sensing.a(CyLFClk.o)
 .comment       0x00000000       0x71 .\CortexM0p\ARM_GCC_493\Debug\CE211252_Ambient_Light_Sensing.a(I2C_1.o)
 .comment       0x00000000       0x71 .\CortexM0p\ARM_GCC_493\Debug\CE211252_Ambient_Light_Sensing.a(I2C_1_I2C.o)
 .comment       0x00000000       0x71 .\CortexM0p\ARM_GCC_493\Debug\CE211252_Ambient_Light_Sensing.a(I2C_1_I2C_MASTER.o)
 .comment       0x00000000       0x71 .\CortexM0p\ARM_GCC_493\Debug\CE211252_Ambient_Light_Sensing.a(CyFlash.o)
 .comment       0x00000000       0x71 .\CortexM0p\ARM_GCC_493\Debug\CE211252_Ambient_Light_Sensing.a(I2C_1_I2C_INT.o)

.debug_weaknames
 *(.debug_weaknames)

.debug_funcnames
 *(.debug_funcnames)

.debug_typenames
 *(.debug_typenames)

.debug_varnames
 *(.debug_varnames)

.note.gnu.arm.ident
 *(.note.gnu.arm.ident)

.ARM.attributes
                0x00000000       0x28
 *(.ARM.attributes)
 .ARM.attributes
                0x00000000       0x1e c:/program files (x86)/cypress/psoc creator/4.0/psoc creator/import/gnu/arm/4.9.3/bin/../lib/gcc/arm-none-eabi/4.9.3/armv6-m/crti.o
 .ARM.attributes
                0x0000001e       0x2c c:/program files (x86)/cypress/psoc creator/4.0/psoc creator/import/gnu/arm/4.9.3/bin/../lib/gcc/arm-none-eabi/4.9.3/armv6-m/crtbegin.o
 .ARM.attributes
                0x0000004a       0x1b c:/program files (x86)/cypress/psoc creator/4.0/psoc creator/import/gnu/arm/4.9.3/bin/../lib/gcc/arm-none-eabi/4.9.3/../../../../arm-none-eabi/lib/armv6-m/crt0.o
 .ARM.attributes
                0x00000065       0x32 .\CortexM0p\ARM_GCC_493\Debug\main.o
 .ARM.attributes
                0x00000097       0x32 .\CortexM0p\ARM_GCC_493\Debug\cymetadata.o
 .ARM.attributes
                0x000000c9       0x32 .\CortexM0p\ARM_GCC_493\Debug\Cm0plusStart.o
 .ARM.attributes
                0x000000fb       0x32 .\CortexM0p\ARM_GCC_493\Debug\CE211252_Ambient_Light_Sensing.a(cyfitter_cfg.o)
 .ARM.attributes
                0x0000012d       0x32 .\CortexM0p\ARM_GCC_493\Debug\CE211252_Ambient_Light_Sensing.a(EZI2C.o)
 .ARM.attributes
                0x0000015f       0x32 .\CortexM0p\ARM_GCC_493\Debug\CE211252_Ambient_Light_Sensing.a(EZI2C_EZI2C.o)
 .ARM.attributes
                0x00000191       0x32 .\CortexM0p\ARM_GCC_493\Debug\CE211252_Ambient_Light_Sensing.a(EZI2C_EZI2C_INT.o)
 .ARM.attributes
                0x000001c3       0x32 .\CortexM0p\ARM_GCC_493\Debug\CE211252_Ambient_Light_Sensing.a(ADC.o)
 .ARM.attributes
                0x000001f5       0x32 .\CortexM0p\ARM_GCC_493\Debug\CE211252_Ambient_Light_Sensing.a(ADC_INIT.o)
 .ARM.attributes
                0x00000227       0x32 .\CortexM0p\ARM_GCC_493\Debug\CE211252_Ambient_Light_Sensing.a(ADC_INT.o)
 .ARM.attributes
                0x00000259       0x32 .\CortexM0p\ARM_GCC_493\Debug\CE211252_Ambient_Light_Sensing.a(PVref.o)
 .ARM.attributes
                0x0000028b       0x32 .\CortexM0p\ARM_GCC_493\Debug\CE211252_Ambient_Light_Sensing.a(Opamp_TIA.o)
 .ARM.attributes
                0x000002bd       0x32 .\CortexM0p\ARM_GCC_493\Debug\CE211252_Ambient_Light_Sensing.a(PWM.o)
 .ARM.attributes
                0x000002ef       0x32 .\CortexM0p\ARM_GCC_493\Debug\CE211252_Ambient_Light_Sensing.a(RefBuffer.o)
 .ARM.attributes
                0x00000321       0x32 .\CortexM0p\ARM_GCC_493\Debug\CE211252_Ambient_Light_Sensing.a(ADC_intSarClock.o)
 .ARM.attributes
                0x00000353       0x32 .\CortexM0p\ARM_GCC_493\Debug\CE211252_Ambient_Light_Sensing.a(ADC_IRQ.o)
 .ARM.attributes
                0x00000385       0x32 .\CortexM0p\ARM_GCC_493\Debug\CE211252_Ambient_Light_Sensing.a(CyLib.o)
 .ARM.attributes
                0x000003b7       0x32 .\CortexM0p\ARM_GCC_493\Debug\CE211252_Ambient_Light_Sensing.a(CyLFClk.o)
 .ARM.attributes
                0x000003e9       0x32 .\CortexM0p\ARM_GCC_493\Debug\CE211252_Ambient_Light_Sensing.a(I2C_1.o)
 .ARM.attributes
                0x0000041b       0x32 .\CortexM0p\ARM_GCC_493\Debug\CE211252_Ambient_Light_Sensing.a(I2C_1_I2C.o)
 .ARM.attributes
                0x0000044d       0x32 .\CortexM0p\ARM_GCC_493\Debug\CE211252_Ambient_Light_Sensing.a(I2C_1_I2C_MASTER.o)
 .ARM.attributes
                0x0000047f       0x22 .\CortexM0p\ARM_GCC_493\Debug\CE211252_Ambient_Light_Sensing.a(CyBootAsmGnu.o)
 .ARM.attributes
                0x000004a1       0x32 .\CortexM0p\ARM_GCC_493\Debug\CE211252_Ambient_Light_Sensing.a(CyFlash.o)
 .ARM.attributes
                0x000004d3       0x32 .\CortexM0p\ARM_GCC_493\Debug\CE211252_Ambient_Light_Sensing.a(I2C_1_I2C_INT.o)
 .ARM.attributes
                0x00000505       0x1e c:/program files (x86)/cypress/psoc creator/4.0/psoc creator/import/gnu/arm/4.9.3/bin/../lib/gcc/arm-none-eabi/4.9.3/armv6-m\libgcc.a(_udivsi3.o)
 .ARM.attributes
                0x00000523       0x1e c:/program files (x86)/cypress/psoc creator/4.0/psoc creator/import/gnu/arm/4.9.3/bin/../lib/gcc/arm-none-eabi/4.9.3/armv6-m\libgcc.a(_divsi3.o)
 .ARM.attributes
                0x00000541       0x1e c:/program files (x86)/cypress/psoc creator/4.0/psoc creator/import/gnu/arm/4.9.3/bin/../lib/gcc/arm-none-eabi/4.9.3/armv6-m\libgcc.a(_dvmd_tls.o)
 .ARM.attributes
                0x0000055f       0x1e c:/program files (x86)/cypress/psoc creator/4.0/psoc creator/import/gnu/arm/4.9.3/bin/../lib/gcc/arm-none-eabi/4.9.3/armv6-m\libgcc.a(_aeabi_ldivmod.o)
 .ARM.attributes
                0x0000057d       0x2c c:/program files (x86)/cypress/psoc creator/4.0/psoc creator/import/gnu/arm/4.9.3/bin/../lib/gcc/arm-none-eabi/4.9.3/armv6-m\libgcc.a(_muldi3.o)
 .ARM.attributes
                0x000005a9       0x2c c:/program files (x86)/cypress/psoc creator/4.0/psoc creator/import/gnu/arm/4.9.3/bin/../lib/gcc/arm-none-eabi/4.9.3/armv6-m\libgcc.a(bpabi.o)
 .ARM.attributes
                0x000005d5       0x2c c:/program files (x86)/cypress/psoc creator/4.0/psoc creator/import/gnu/arm/4.9.3/bin/../lib/gcc/arm-none-eabi/4.9.3/armv6-m\libgcc.a(divsf3.o)
 .ARM.attributes
                0x00000601       0x2c c:/program files (x86)/cypress/psoc creator/4.0/psoc creator/import/gnu/arm/4.9.3/bin/../lib/gcc/arm-none-eabi/4.9.3/armv6-m\libgcc.a(mulsf3.o)
 .ARM.attributes
                0x0000062d       0x2c c:/program files (x86)/cypress/psoc creator/4.0/psoc creator/import/gnu/arm/4.9.3/bin/../lib/gcc/arm-none-eabi/4.9.3/armv6-m\libgcc.a(floatsisf.o)
 .ARM.attributes
                0x00000659       0x1e c:/program files (x86)/cypress/psoc creator/4.0/psoc creator/import/gnu/arm/4.9.3/bin/../lib/gcc/arm-none-eabi/4.9.3/armv6-m\libgcc.a(_clzsi2.o)
 .ARM.attributes
                0x00000677       0x2c c:/program files (x86)/cypress/psoc creator/4.0/psoc creator/import/gnu/arm/4.9.3/bin/../lib/gcc/arm-none-eabi/4.9.3/armv6-m\libgcc.a(_divdi3.o)
 .ARM.attributes
                0x000006a3       0x2c c:/program files (x86)/cypress/psoc creator/4.0/psoc creator/import/gnu/arm/4.9.3/bin/../lib/gcc/arm-none-eabi/4.9.3/armv6-m\libgcc.a(_udivdi3.o)
 .ARM.attributes
                0x000006cf       0x1e c:/program files (x86)/cypress/psoc creator/4.0/psoc creator/import/gnu/arm/4.9.3/bin/../lib/gcc/arm-none-eabi/4.9.3/armv6-m\libgcc.a(_clzdi2.o)
 .ARM.attributes
                0x000006ed       0x2c c:/program files (x86)/cypress/psoc creator/4.0/psoc creator/import/gnu/arm/4.9.3/bin/../lib/gcc/arm-none-eabi/4.9.3/../../../../arm-none-eabi/lib/armv6-m\libg_nano.a(lib_a-errno.o)
 .ARM.attributes
                0x00000719       0x2c c:/program files (x86)/cypress/psoc creator/4.0/psoc creator/import/gnu/arm/4.9.3/bin/../lib/gcc/arm-none-eabi/4.9.3/../../../../arm-none-eabi/lib/armv6-m\libg_nano.a(lib_a-exit.o)
 .ARM.attributes
                0x00000745       0x2c c:/program files (x86)/cypress/psoc creator/4.0/psoc creator/import/gnu/arm/4.9.3/bin/../lib/gcc/arm-none-eabi/4.9.3/../../../../arm-none-eabi/lib/armv6-m\libg_nano.a(lib_a-impure.o)
 .ARM.attributes
                0x00000771       0x2c c:/program files (x86)/cypress/psoc creator/4.0/psoc creator/import/gnu/arm/4.9.3/bin/../lib/gcc/arm-none-eabi/4.9.3/../../../../arm-none-eabi/lib/armv6-m\libg_nano.a(lib_a-init.o)
 .ARM.attributes
                0x0000079d       0x2c c:/program files (x86)/cypress/psoc creator/4.0/psoc creator/import/gnu/arm/4.9.3/bin/../lib/gcc/arm-none-eabi/4.9.3/../../../../arm-none-eabi/lib/armv6-m\libg_nano.a(lib_a-memcpy.o)
 .ARM.attributes
                0x000007c9       0x2c c:/program files (x86)/cypress/psoc creator/4.0/psoc creator/import/gnu/arm/4.9.3/bin/../lib/gcc/arm-none-eabi/4.9.3/../../../../arm-none-eabi/lib/armv6-m\libg_nano.a(lib_a-memset.o)
 .ARM.attributes
                0x000007f5       0x2c c:/program files (x86)/cypress/psoc creator/4.0/psoc creator/import/gnu/arm/4.9.3/bin/../lib/gcc/arm-none-eabi/4.9.3/armv6-m/crtend.o
 .ARM.attributes
                0x00000821       0x1e c:/program files (x86)/cypress/psoc creator/4.0/psoc creator/import/gnu/arm/4.9.3/bin/../lib/gcc/arm-none-eabi/4.9.3/armv6-m/crtn.o

/DISCARD/
 *(.note.GNU-stack)
OUTPUT(.\CortexM0p\ARM_GCC_493\Debug\CE211252_Ambient_Light_Sensing.elf elf32-littlearm)
